###############################################################################
#
# IAR ELF Linker V8.50.4.261/W32 for ARM                  09/Aug/2020  21:41:41
# Copyright 2007-2020 IAR Systems AB.
#
#    Output file  =
#        C:\Users\talan\OneDrive\Рабочий
#        стол\REPOZIT\Test_jobs\Debug\Exe\test_1.out.tmp
#    Map file     =
#        C:\Users\talan\OneDrive\Рабочий
#        стол\REPOZIT\Test_jobs\Debug\List\test_1.map
#    Command line =
#        -f C:\Users\talan\AppData\Local\Temp\EWABBC.tmp
#        ("C:\Users\talan\OneDrive\Рабочий
#        стол\REPOZIT\Test_jobs\Debug\Obj\main.o" --no_out_extension -o
#        "C:\Users\talan\OneDrive\Рабочий
#        стол\REPOZIT\Test_jobs\Debug\Exe\test_1.out.tmp" --redirect
#        _Printf=_PrintfFullNoMb --redirect _Scanf=_ScanfFullNoMb --map
#        "C:\Users\talan\OneDrive\Рабочий
#        стол\REPOZIT\Test_jobs\Debug\List\test_1.map" --config "C:\Program
#        Files (x86)\IAR Systems\Embedded Workbench
#        8.4\arm\config\linker\NXP\LPC1768.icf" --semihosting --entry
#        __iar_program_start --vfe --text_out locale)
#
###############################################################################

*******************************************************************************
*** RUNTIME MODEL ATTRIBUTES
***

CppFlavor        = *
__CPP_Exceptions = Disabled
__CPP_Language   = C++14
__SystemLibrary  = DLib
__dlib_version   = 6


*******************************************************************************
*** HEAP SELECTION
***

The basic heap was selected because no calls to memory allocation
functions were found in the application outside of system library
functions, and there are calls to deallocation functions in the
application.


*******************************************************************************
*** PLACEMENT SUMMARY
***

"A0":  place at address 0x0 { ro section .intvec };
"P1":  place in [from 0x0 to 0x2fb] |
                [from 0x300 to 0x7'ffff] { ro };
define block CSTACK with size = 2K, alignment = 8 { };
define block HEAP with size = 4K, alignment = 8 { };
"P2":  place in [from 0x1000'0000 to 0x1000'7fdf] {
          rw, block CSTACK, block HEAP };

No sections matched the following patterns:

  section .crp   in "P3"
  section .sram  in "P4"


  Section          Kind         Address   Size  Object
  -------          ----         -------   ----  ------
"A0":                                     0x40
  .intvec          ro code          0x0   0x40  vector_table_M.o [3]
                                 - 0x40   0x40

"P1":                                    0x1ac
  .text            ro code         0x40   0xe4  main.o [1]
  .text            ro code        0x124   0x3a  zero_init3.o [3]
  .text            ro code        0x15e    0x2  vector_table_M.o [3]
  .text            ro code        0x160   0x28  data_init.o [3]
  .iar.init_table  const          0x188   0x10  - Linker created -
  .text            ro code        0x198   0x1e  cmain.o [3]
  .text            ro code        0x1b6    0x4  low_level_init.o [2]
  .text            ro code        0x1ba    0x4  exit.o [2]
  .rodata          const          0x1be    0x1  unwind_debug.o [4]
  .text            ro code        0x1c0    0xa  cexit.o [3]
  .text            ro code        0x1cc   0x14  exit.o [4]
  .text            ro code        0x1e0    0xc  cstartup_M.o [3]
  .rodata          const          0x1ec    0x0  zero_init3.o [3]
                                - 0x1ec  0x1ac

"P2", part 1 of 2:                         0x8
  .bss             zero     0x1000'0000    0x4  main.o [1]
  .bss             zero     0x1000'0004    0x2  main.o [1]
                          - 0x1000'0006    0x6

"P2", part 2 of 2:                       0x800
  CSTACK                    0x1000'0008  0x800  <Block>
    CSTACK         uninit   0x1000'0008  0x800  <Block tail>
                          - 0x1000'0808  0x800

Unused ranges:

         From           To      Size
         ----           --      ----
        0x1ec        0x2fb     0x110
        0x300     0x7'ffff  0x7'fd00
  0x1000'0808  0x1000'7fdf    0x77d8


*******************************************************************************
*** INIT TABLE
***

          Address      Size
          -------      ----
Zero (__iar_zero_init3)
    1 destination range, total size 0x6:
          0x1000'0000   0x6



*******************************************************************************
*** MODULE SUMMARY
***

    Module            ro code  ro data  rw data
    ------            -------  -------  -------
command line/config:
    -------------------------------------------
    Total:

C:\Users\talan\OneDrive\Рабочий стол\REPOZIT\Test_jobs\Debug\Obj: [1]
    main.o                228                 6
    -------------------------------------------
    Total:                228                 6

dl7M_tln.a: [2]
    exit.o                  4
    low_level_init.o        4
    -------------------------------------------
    Total:                  8

rt7M_tl.a: [3]
    cexit.o                10
    cmain.o                30
    cstartup_M.o           12
    data_init.o            40
    vector_table_M.o       66
    zero_init3.o           58
    -------------------------------------------
    Total:                216

shb_l.a: [4]
    exit.o                 20
    unwind_debug.o                   1
    -------------------------------------------
    Total:                 20        1

    Gaps                    3
    Linker created                  16    2'048
-----------------------------------------------
    Grand Total:          475       17    2'054


*******************************************************************************
*** ENTRY LIST
***

Entry                       Address  Size  Type      Object
-----                       -------  ----  ----      ------
.iar.init_table$$Base         0x188         --   Gb  - Linker created -
.iar.init_table$$Limit        0x198         --   Gb  - Linker created -
?main                         0x199        Code  Gb  cmain.o [3]
CSTACK$$Base            0x1000'0008         --   Gb  - Linker created -
CSTACK$$Limit           0x1000'0808         --   Gb  - Linker created -
Region$$Table$$Base           0x188         --   Gb  - Linker created -
Region$$Table$$Limit          0x198         --   Gb  - Linker created -
[local to main_cpp]::example(pt *)
                               0x41  0x36  Code  Lc  main.o [1]
__cmain                       0x199        Code  Gb  cmain.o [3]
__exit                        0x1cd  0x14  Code  Gb  exit.o [4]
__iar_data_init3              0x161  0x28  Code  Gb  data_init.o [3]
__iar_debug_exceptions        0x1be   0x1  Data  Gb  unwind_debug.o [4]
__iar_program_start           0x1e1        Code  Gb  cstartup_M.o [3]
__iar_zero_init3              0x125  0x3a  Code  Gb  zero_init3.o [3]
__low_level_init              0x1b7   0x4  Code  Gb  low_level_init.o [2]
__vector_table                  0x0        Data  Gb  vector_table_M.o [3]
_call_main                    0x1a5        Code  Gb  cmain.o [3]
_exit                         0x1c1        Code  Gb  cexit.o [3]
_main                         0x1b3        Code  Gb  cmain.o [3]
counter                 0x1000'0000   0x4  Data  Lc  main.o [1]
example_pt              0x1000'0004   0x2  Data  Lc  main.o [1]
exit                          0x1bb   0x4  Code  Gb  exit.o [2]
getPinState()                  0x77   0xe  Code  Gb  main.o [1]
main                           0x85  0x7a  Code  Gb  main.o [1]


[1] = C:\Users\talan\OneDrive\Рабочий стол\REPOZIT\Test_jobs\Debug\Obj
[2] = dl7M_tln.a
[3] = rt7M_tl.a
[4] = shb_l.a

    475 bytes of readonly  code memory
     17 bytes of readonly  data memory
  2'054 bytes of readwrite data memory

Errors: none
Warnings: none
