###############################################################################
#
# IAR ELF Linker V8.50.4.261/W32 for ARM                  07/Aug/2020  12:48:46
# Copyright 2007-2020 IAR Systems AB.
#
#    Output file  =
#        C:\Users\talan\OneDrive\Рабочий
#        стол\REPOZIT\Test_jobs\Debug\Exe\test_1.out.tmp
#    Map file     =
#        C:\Users\talan\OneDrive\Рабочий
#        стол\REPOZIT\Test_jobs\Debug\List\test_1.map
#    Command line =
#        -f C:\Users\talan\AppData\Local\Temp\EW9E57.tmp
#        ("C:\Users\talan\OneDrive\Рабочий
#        стол\REPOZIT\Test_jobs\Debug\Obj\main.o" --no_out_extension -o
#        "C:\Users\talan\OneDrive\Рабочий
#        стол\REPOZIT\Test_jobs\Debug\Exe\test_1.out.tmp" --redirect
#        _Printf=_PrintfFullNoMb --redirect _Scanf=_ScanfFullNoMb --map
#        "C:\Users\talan\OneDrive\Рабочий
#        стол\REPOZIT\Test_jobs\Debug\List\test_1.map" --config "C:\Program
#        Files (x86)\IAR Systems\Embedded Workbench
#        8.4\arm\config\linker\NXP\LPC1768.icf" --semihosting --entry
#        __iar_program_start --vfe --text_out locale)
#
###############################################################################

*******************************************************************************
*** RUNTIME MODEL ATTRIBUTES
***

CppFlavor        = *
__CPP_Exceptions = Disabled
__CPP_Language   = C++14
__SystemLibrary  = DLib
__dlib_version   = 6


*******************************************************************************
*** HEAP SELECTION
***

The basic heap was selected because no calls to memory allocation
functions were found in the application outside of system library
functions, and there are calls to deallocation functions in the
application.


*******************************************************************************
*** PLACEMENT SUMMARY
***

"A0":  place at address 0x0 { ro section .intvec };
"P1":  place in [from 0x0 to 0x2fb] |
                [from 0x300 to 0x7'ffff] { ro };
define block CSTACK with size = 2K, alignment = 8 { };
define block HEAP with size = 4K, alignment = 8 { };
"P2":  place in [from 0x1000'0000 to 0x1000'7fdf] {
          rw, block CSTACK, block HEAP };

No sections matched the following patterns:

  rw             in "P2"
  section .crp   in "P3"
  section .sram  in "P4"


  Section   Kind         Address   Size  Object
  -------   ----         -------   ----  ------
"A0":                              0x40
  .intvec   ro code          0x0   0x40  vector_table_M.o [3]
                          - 0x40   0x40

"P1":                              0xf0
  .text     ro code         0x40   0x9c  main.o [1]
  .text     ro code         0xdc   0x1e  cmain.o [3]
  .text     ro code         0xfa    0x4  low_level_init.o [2]
  .text     ro code         0xfe    0x4  exit.o [2]
  .text     ro code        0x102    0x2  vector_table_M.o [3]
  .text     ro code        0x104    0xa  cexit.o [3]
  .rodata   const          0x10e    0x1  unwind_debug.o [4]
  .text     ro code        0x110   0x14  exit.o [4]
  .text     ro code        0x124    0xc  cstartup_M.o [3]
                         - 0x130   0xf0

"P2":                             0x800
  CSTACK             0x1000'0000  0x800  <Block>
    CSTACK  uninit   0x1000'0000  0x800  <Block tail>
                   - 0x1000'0800  0x800

Unused ranges:

         From           To      Size
         ----           --      ----
        0x130        0x2fb     0x1cc
        0x300     0x7'ffff  0x7'fd00
  0x1000'0800  0x1000'7fdf    0x77e0



*******************************************************************************
*** MODULE SUMMARY
***

    Module            ro code  ro data  rw data
    ------            -------  -------  -------
command line/config:
    -------------------------------------------
    Total:

C:\Users\talan\OneDrive\Рабочий стол\REPOZIT\Test_jobs\Debug\Obj: [1]
    main.o                156
    -------------------------------------------
    Total:                156

dl7M_tln.a: [2]
    exit.o                  4
    low_level_init.o        4
    -------------------------------------------
    Total:                  8

rt7M_tl.a: [3]
    cexit.o                10
    cmain.o                30
    cstartup_M.o           12
    vector_table_M.o       66
    -------------------------------------------
    Total:                118

shb_l.a: [4]
    exit.o                 20
    unwind_debug.o                   1
    -------------------------------------------
    Total:                 20        1

    Gaps                    1
    Linker created                        2'048
-----------------------------------------------
    Grand Total:          303        1    2'048


*******************************************************************************
*** ENTRY LIST
***

Entry                       Address  Size  Type      Object
-----                       -------  ----  ----      ------
?main                          0xdd        Code  Gb  cmain.o [3]
CSTACK$$Base            0x1000'0000         --   Gb  - Linker created -
CSTACK$$Limit           0x1000'0800         --   Gb  - Linker created -
Region$$Table$$Base             0x0         --   Gb  - Linker created -
Region$$Table$$Limit            0x0         --   Gb  - Linker created -
__cmain                        0xdd        Code  Gb  cmain.o [3]
__exit                        0x111  0x14  Code  Gb  exit.o [4]
__iar_debug_exceptions        0x10e   0x1  Data  Gb  unwind_debug.o [4]
__iar_program_start           0x125        Code  Gb  cstartup_M.o [3]
__low_level_init               0xfb   0x4  Code  Gb  low_level_init.o [2]
__vector_table                  0x0        Data  Gb  vector_table_M.o [3]
_call_main                     0xe9        Code  Gb  cmain.o [3]
_exit                         0x105        Code  Gb  cexit.o [3]
_main                          0xf7        Code  Gb  cmain.o [3]
exit                           0xff   0x4  Code  Gb  exit.o [2]
getPinState()                  0x41   0xe  Code  Gb  main.o [1]
main                           0x4f  0x72  Code  Gb  main.o [1]


[1] = C:\Users\talan\OneDrive\Рабочий стол\REPOZIT\Test_jobs\Debug\Obj
[2] = dl7M_tln.a
[3] = rt7M_tl.a
[4] = shb_l.a

    303 bytes of readonly  code memory
      1 byte  of readonly  data memory
  2'048 bytes of readwrite data memory

Errors: none
Warnings: none
